// Vitest Snapshot v1, https://vitest.dev/guide/snapshot.html

exports[`TopBar 组件 > 应该匹配快照 1`] = `
<div>
  <div
    class="border-b border-zinc-200 bg-white px-6 py-4 dark:border-zinc-800 dark:bg-zinc-900"
  >
    <div
      class="mx-auto flex w-full max-w-5xl flex-wrap items-center justify-between gap-4"
    >
      <div
        class="flex items-center gap-3"
      >
        <div
          class="flex h-10 w-10 items-center justify-center rounded-xl border border-zinc-200 bg-zinc-50 text-sm font-semibold text-zinc-600 dark:border-zinc-700 dark:bg-zinc-800 dark:text-zinc-200"
        >
          A
        </div>
        <div>
          <div
            class="text-base font-semibold text-zinc-900 dark:text-zinc-100"
          >
            AI Assistant
          </div>
          <div
            class="text-xs text-zinc-500 dark:text-zinc-400"
          >
            会话 · topic-123
          </div>
        </div>
      </div>
      <div
        class="flex items-center gap-3"
      >
        <span
          class="rounded-full border px-3 py-1 text-xs font-medium border-zinc-200 bg-zinc-50 text-zinc-600 dark:border-zinc-700 dark:bg-zinc-900 dark:text-zinc-300"
        >
          模型状态：未知
        </span>
      </div>
    </div>
  </div>
</div>
`;
